******************************************************************************
                     PRU Linker Unix v2.1.5                    
******************************************************************************
>> Linked Thu Jul  4 00:15:26 2019

OUTPUT FILE NAME:   <imutest/build/pru1_main.elf>
ENTRY POINT SYMBOL: "_c_int00_noinit_noargs_noexit"  address: 00000000


MEMORY CONFIGURATION

         name            origin    length      used     unused   attr    fill
----------------------  --------  ---------  --------  --------  ----  --------
PAGE 0:
  PRU_IMEM              00000000   00002000  000000cc  00001f34  RWIX

PAGE 1:
  PRU_PARAM             00000000   00000400  00000000  00000400  RWIX
  PRU_RAM               00000400   00001c00  0000021c  000019e4  RWIX
  PRU_LUTAB             00002000   00000c00  00000000  00000c00  RWIX
  PRU_SHAREDMEM         00010000   00003000  00000000  00003000  RWIX
  PRU_INTC              00020000   00001504  00001504  00000000  RWIX
  PRU_CFG               00026000   00000100  00000044  000000bc  RWIX
  PRU_IEP               0002e000   0000031c  00000000  0000031c  RWIX


SECTION ALLOCATION MAP

 output                                  attributes/
section   page    origin      length       input sections
--------  ----  ----------  ----------   ----------------
.text:_c_int00* 
*          0    00000000    00000014     
                  00000000    00000014     rtspruv3_le.lib : boot_special.obj (.text:_c_int00_noinit_noargs_noexit)

.text      0    00000014    000000b8     
                  00000014    000000a8     pru1_main.o (.text:main)
                  000000bc    00000008     rtspruv3_le.lib : exit.obj (.text:abort)
                  000000c4    00000008                     : exit.obj (.text:loader_exit)

.stack     1    00000400    00000100     UNINITIALIZED
                  00000400    00000004     rtspruv3_le.lib : boot.obj (.stack)
                  00000404    000000fc     --HOLE--

.bss       1    00000618    00000004     UNINITIALIZED
                  00000618    00000004     (.common:debug_buff)

.sysmem    1    00000500    00000100     UNINITIALIZED
                  00000500    00000008     rtspruv3_le.lib : memory.obj (.sysmem)
                  00000508    000000f8     --HOLE--

.cinit     1    00000400    00000000     UNINITIALIZED

.resource_table 
*          1    00000600    00000018     
                  00000600    00000018     pru1_main.o (.resource_table:retain)

.creg.PRU_INTC.noload.near 
*          1    00020000    00000000     NOLOAD SECTION

.creg.PRU_INTC.near 
*          1    00020000    00000000     UNINITIALIZED

.creg.PRU_INTC.noload.far 
*          1    00020000    00001504     NOLOAD SECTION
                  00020000    00001504     pru1_main.o (.creg.PRU_INTC.noload.far)

.creg.PRU_INTC.far 
*          1    00021504    00000000     UNINITIALIZED

.creg.PRU_CFG.noload.near 
*          1    00026000    00000044     NOLOAD SECTION
                  00026000    00000044     pru1_main.o (.creg.PRU_CFG.noload.near)

.creg.PRU_CFG.near 
*          1    00026044    00000000     UNINITIALIZED

.creg.PRU_CFG.noload.far 
*          1    00026044    00000000     NOLOAD SECTION

.creg.PRU_CFG.far 
*          1    00026044    00000000     UNINITIALIZED


SEGMENT ATTRIBUTES

    id tag      seg value
    -- ---      --- -----
     0 PHA_PAGE 1   1    
     1 PHA_PAGE 2   1    


GLOBAL SYMBOLS: SORTED ALPHABETICALLY BY Name 

page  address   name                               
----  -------   ----                               
0     000000c4  C$$EXIT                            
1     00026000  CT_CFG                             
1     00020000  CT_INTC                            
abs   00026000  __PRU_CREG_BASE_PRU_CFG            
abs   0002e000  __PRU_CREG_BASE_PRU_IEP            
abs   00020000  __PRU_CREG_BASE_PRU_INTC           
abs   00000004  __PRU_CREG_PRU_CFG                 
abs   0000001a  __PRU_CREG_PRU_IEP                 
abs   00000000  __PRU_CREG_PRU_INTC                
1     00000500  __TI_STACK_END                     
abs   00000100  __TI_STACK_SIZE                    
abs   00000100  __TI_SYSMEM_SIZE                   
abs   ffffffff  __binit__                          
abs   ffffffff  __c_args__                         
0     00000000  _c_int00_noinit_noargs_noexit      
1     00000400  _stack                             
1     00000500  _sys_memory                        
0     000000bc  abort                              
1     00000600  am335x_pru_remoteproc_ResourceTable
abs   ffffffff  binit                              
1     00000618  debug_buff                         
0     00000014  main                               


GLOBAL SYMBOLS: SORTED BY Symbol Address 

page  address   name                               
----  -------   ----                               
0     00000000  _c_int00_noinit_noargs_noexit      
0     00000014  main                               
0     000000bc  abort                              
0     000000c4  C$$EXIT                            
1     00000400  _stack                             
1     00000500  __TI_STACK_END                     
1     00000500  _sys_memory                        
1     00000600  am335x_pru_remoteproc_ResourceTable
1     00000618  debug_buff                         
1     00020000  CT_INTC                            
1     00026000  CT_CFG                             
abs   00000000  __PRU_CREG_PRU_INTC                
abs   00000004  __PRU_CREG_PRU_CFG                 
abs   0000001a  __PRU_CREG_PRU_IEP                 
abs   00000100  __TI_STACK_SIZE                    
abs   00000100  __TI_SYSMEM_SIZE                   
abs   00020000  __PRU_CREG_BASE_PRU_INTC           
abs   00026000  __PRU_CREG_BASE_PRU_CFG            
abs   0002e000  __PRU_CREG_BASE_PRU_IEP            
abs   ffffffff  __binit__                          
abs   ffffffff  __c_args__                         
abs   ffffffff  binit                              

[22 symbols]
